Praha 1
Praha 10
Praha 11
Praha-Křeslice
Praha-Šeberov
Praha-Újezd
Praha 12
Praha-Libuš
Praha 13
Praha-Řeporyje
Praha 14
Praha-Dolní Počernice
Praha 15
Praha-Dolní Měcholupy
Praha-Dubeč
Praha-Petrovice
Praha-Štěrboholy
Praha 16
Praha-Lipence
Praha-Lochkov
Praha-Velká Chuchle
Praha-Zbraslav
Praha 17
Praha-Zličín
Praha 18
Praha-Čakovice
Praha 19
Praha-Satalice
Praha-Vinoř
Praha 2
Praha 20
Praha 21
Praha-Běchovice
Praha-Klánovice
Praha-Koloděje
Praha 22
Praha-Benice
Praha-Kolovraty
Praha-Královice
Praha-Nedvězí
Praha 3
Praha 4
Praha-Kunratice
Praha 5
Praha-Slivenec
Praha 6
Praha-Lysolaje
Praha-Nebušice
Praha-Přední Kopanina
Praha-Suchdol
Praha 7
Praha-Troja
Praha 8
Praha-Březiněves
Praha-Ďáblice
Praha-Dolní Chabry
Praha 9
Brno-Bohunice
Brno-Bosonohy
Brno-Bystrc
Brno-Černovice
Brno-Chrlice
Brno-Ivanovice
Brno-Jehnice
Brno-jih
Brno-Jundrov
Brno-Kníničky
Brno-Kohoutovice
Brno-Komín
Brno-Královo Pole
Brno-Líšeň
Brno-Maloměřice a Obřany
Brno-Medlánky
Brno-Nový Lískovec
Brno-Ořešín
Brno-Řečkovice a Mokrá Hora
Brno-sever
Brno-Slatina
Brno-Starý Lískovec
Brno-střed
Brno-Tuřany
Brno-Útěchov
Brno-Vinohrady
Brno-Žabovřesky
Brno-Žebětín
Brno-Židenice
Liberec (nečleněné město)
Liberec-Vratislavice nad Nisou
Komárov
Malé Hoštice
Milostovice
Opava (nečleněná část města)
Podvihov
Suché Lazce
Vávrovice
Vlaštovičky
Zlatníky
Hošťálkovice
Hrabová
Krásné Pole
Lhotka
Mariánské Hory a Hulváky
Martinov
Michálkovice
Moravská Ostrava a Přívoz
Nová Bělá
Nová Ves
Ostrava-Jih
Petřkovice
Plesná
Polanka nad Odrou
Poruba
Proskovice
Pustkovec
Radvanice a Bartovice
Slezská Ostrava
Stará Bělá
Svinov
Třebovice
Vítkovice
Pardubice I
Pardubice II
Pardubice III
Pardubice IV
Pardubice V
Pardubice VI
Pardubice VII
Pardubice VIII
Plzeň 1
Plzeň 10-Lhota
Plzeň 2-Slovany
Plzeň 3
Plzeň 4
Plzeň 5-Křimice
Plzeň 6-Litice
Plzeň 7-Radčice
Plzeň 8-Černice
Plzeň 9-Malesice
Ústí nad Labem-město
Ústí nad Labem-Neštěmice
Ústí nad Labem-Severní terasa
Ústí nad Labem-Střekov
